## MySQL 9.1.0(2024-10-15, 혁신 릴리스)의 변경 사항

원자 DDL 노트

감사 로그 메모

인증 참고 사항

C API 노트

편집 노트

구성 요소 참고 사항

구성 참고 사항

사용 중단 및 제거 참고 사항

SQL 함수 및 연산자 참고 사항

자바스크립트 프로그램

키링 노트

MySQL 엔터프라이즈 노트

플러그형 인증

SQL 구문 참고 사항

스레드 풀 노트

트리거 노트

벡터 데이터 유형

추가되거나 변경된 기능

버그 수정됨

### 원자 DDL 노트
이전에는 CREATE DATABASE및 DROP DATABASE가 원자적이었지만 완전히 충돌 안전하지는 않았습니다. 이는 다음과 같은 문제로 이어질 수 있습니다.

데이터베이스 디렉토리가 생성되고 작업이 실제로 커밋되기 전에 실패한 경우 CREATE DATABASE, 데이터 사전에는 데이터베이스 존재에 대한 기록이 없지만 데이터베이스 디렉토리는 파일 시스템에 여전히 존재하여 수동 정리가 필요했습니다.

DROP DATABASE파일 시스템 오류나 예상치 못한 종료로 인해 데이터베이스 디렉토리를 제거하는 데 실패한 경우 , 포함된 트랜잭션이 DROP DATABASE항상 롤백되는 것은 아니었습니다. 이런 경우 문제를 해결하기 위해 수동 개입이 필요했습니다.

InnoDB영향을 받는 데이터베이스의 모든 테이블이 원자적 데이터 정의 명령문을 지원하는 저장 엔진(예: )을 사용하는 한, 이러한 명령문은 이제 완전히 원자적이고 충돌로부터 안전합니다.

자세한 내용은 Atomic Data Definition Statement Support를 참조하세요 . (WL #16232)

감사 로그 메모
'$foo'MySQL 서버에서 이러한 사용자 생성을 허용한다는 사실에도 불구하고, 감사 로그는 이름이 영숫자 문자(예: )로 시작하지 않는 사용자를 유효하지 않은 것으로 처리했습니다 .

동일한 문제가 MySQL Enterprise Firewall에도 영향을 미쳤습니다. (버그 #36778917)

인증 참고 사항
Microsoft Windows: MySQLwebauthn플러그인은 이제 MySQL 플러그인을 사용하여 Windows 11 이상에서 Windows Hello 인증을 지원합니다 authentication_webauthn. Windows Hello 패스키 스토어는 이제 소프트웨어 " 장치 " (지원되는 하드웨어 장치 외에도)로 허용됩니다. 서버 플러그인은 MySQL Enterprise Edition에서만 사용할 수 있습니다. 클라이언트 플러그인은 MySQL Enterprise Edition 및 MySQL Community Edition에서 사용할 수 있습니다.

Windows Hello를 사용하면 Windows OS 암호 저장소에 저장된 암호 키를 생성하고 인증하는 것이 모두 가능하며, 그 외에는 이전 MySQL 릴리스와도 호환됩니다.

새로운 mysql 클라이언트 옵션은 여러 장치가 사용 가능한 경우 클라이언트 플러그인 --plugin-authentication-webauthn-device=# 에 대한 장치 번호 플러그인 옵션을 설정하는 데 사용할 수 있습니다 webauthn. 해당 옵션이 지정되지 않으면 0기본적으로 첫 번째 옵션( )이 사용됩니다. 지정된 장치가 존재하지 않으면 클라이언트가 오류를 발생시킵니다.

이 기능은 Windows 패스키 스토어에 저장된 키만 지원합니다. 다른 가능한 백엔드는 Windows Hello에서 지원되지 않습니다.

Windows 암호 키 저장소에 저장된 암호 키를 삭제하려면 시스템에서 제공하는 도구를 사용해야 합니다. MySQL 클라이언트를 사용하여 암호 키를 삭제할 수는 없습니다 .

자세한 내용은 WebAuthn Pluggable Authentication을 참조하세요 . (WL #16293)

authentication_openid_connect서버 측 인증 플러그인을 사용하여 MySQL Enterprise Edition에 대한 OpenID Connect 지원을 추가했습니다 .

추가 세부 사항은 OpenID Connect Pluggable Authentication을 참조하세요 . (WL #16269)

C API 노트
비동기 인터페이스는 상태 정보를 저장하기 위해 안전하지 않은 정적 로컬 변수를 사용했습니다. (버그 #115703, 버그 #36891894)

편집 노트
MySQL이 Fedora 41에서 컴파일되지 않았습니다. (버그 #37046924)

MySQL이 Ubuntu 24.10에서 컴파일되지 않았습니다. (버그 #37042308)

Oracle의 오픈 소스 가이드라인을 준수하기 위해 MySQL 소스에 파일을 추가했습니다. (버그 # CONTRIBUTING.md36998165 )SECURITY.md

CMAKE_MINIMUM_REQUIRED올바른 필수 CMake 버전(3.14.6)과 MySQL에서 사용하는 타사 라이브러리에 대한 CMake 정책에 맞춰 정렬되었습니다 . (버그 #36978193)

시스템 curl 라이브러리에 링크하는 대신 curl을 포함하는 바이너리 패키지는 curl 8.9.1을 사용하도록 업그레이드되었습니다. curl 버전 8.9.1에서 수정된 중요한 문제는 https://curl.se/docs/security.html 에 설명되어 있습니다 . (버그 #36967379, 버그 #36955197)

포함된 zlib라이브러리가 버전 1.2.13에서 버전 1.3.1로 업그레이드되었습니다. (버그 #36950863)

CMake 옵션 BUILD_SHARED_LIBS이 이제 빌드의 최상위 레벨 CMAKE_SKIP_INSTALL_ALL_DEPENDENCY로 설정되었습니다 . (버그 #36930664)OFF

gRPC 및 Protobuf에 대한 최신 CMake 패키지를 가져오면 이러한 라이브러리의 빌드가 실패했습니다. 이전 및 최신 CMake 패키지 모두에서 작동하도록 패키지 조회를 다시 작성하여 수정했습니다. (버그 #36905657)

번들 libcurl라이브러리를 버전 8.9.0으로 업그레이드했습니다. (버그 #36886877)

번들 lz4라이브러리가 버전 1.10.0으로 업그레이드되었습니다. (버그 #36886747)

시스템 Tesseract OCR 라이브러리를 빌드하고 연결하기 위한 CMake 코드 추가(버그 #36872432)

사용자 정의 CMake 함수를 MY_TARGET_LINK_OPTIONS내장 함수로 교체했습니다 TARGET_LINK_OPTIONS. (버그 #36850490)

CMake 옵션 -DWITHOUT_SERVER은 Enterprise Linux 7에서 작동하지 않았습니다. (버그 #36824515)

MySQL을 컴파일할 때, 우리는 더 이상 Fedora 버전 28 또는 34를 확인하지 않습니다. 왜냐하면 이것들은 수명이 다했고 더 이상 지원되지 않기 때문입니다. (버그 #36819263)

Enterprise Linux 9에서는 mold 와의 연결이 작동하지 않았습니다. (버그 #36818902)

참조: 또한 참조하세요: 버그 #34099162.

빌드 옵션을 추가했습니다 DISABLE_PERFSCHEMA. 활성화하면 모든 DISABLE_PSI_*옵션을 .으로 설정하는 효과가 있습니다 ON. 기본값은 . DISABLE_PERFSCHEMA입니다 OFF. (버그 #36778698)

MySQL과 함께 사용되는 버전이 libfido1.15.0으로 업그레이드되었습니다. (버그 #36752604)

RE2 정규 표현식 라이브러리는 이제 MySQL 소스와 함께 번들로 제공됩니다. (버그 #36729026)

번들 버전은 opentelemetry-cpp버전 1.15.0으로 업그레이드되었습니다. (버그 #36708755)

MySQL 코드베이스에 사용되는 clang-format 버전이 10에서 15로 업그레이드되었습니다. (버그 #36500268)

SQL_I_list멤버 필드를 사용하여 next포인터 필드를 다음 객체로 추적합니다. 다음 객체는 멤버 필드의 주소로 초기화됩니다 first. 이는 일반 생성자로 구성된 목록 객체에서만 유효합니다. 기본 할당 연산자는 멤버별 할당을 사용했는데, 이는 빈 목록에는 올바르지 않습니다.

이는 사용자 지정 이동 생성자와 연산자 함수를 제공하여 해결됩니다 =. 또한, 할당 대신 save_and_clear() 사용으로 구현을 변경합니다.std::move()

Xingyu Yang과 Tencent 팀의 기여에 감사드립니다. (버그 #115712, 버그 #36891161)

TI-RPC의 번들 버전이 1.3.5로 업그레이드되었습니다. (버그 #115698, 버그 #36886602)

Protobuf 22 이상을 사용하여 MySQL을 빌드할 수 없습니다.

기여해 주신 Gordon Wang에게 감사드립니다. (버그 #115163, 버그 #36678092)

구성 요소 참고 사항
그룹 복제: 그룹 복제 흐름 제어에 의해 조절된 트랜잭션에 대한 통계를 제공하는 구성 요소는 component_group_replication_flow_control_stats이 릴리스에서 MySQL Enterprise Edition의 일부로 구현됩니다. 이 구성 요소를 설치하려면 그룹 복제 플러그인이 이미 설치되어 있어야 합니다( 그룹 복제를 위한 인스턴스 구성 참조 ).

흐름 제어 조절 통계는 글로벌 상태 변수 Gr_flow_control_throttle_active_count, Gr_flow_control_throttle_count, Gr_flow_control_throttle_last_throttle_timestamp, 및 로 제공됩니다 Gr_flow_control_throttle_time_sum.

performance_schema.global_status 이러한 변수는 및 출력 에서 ​​관찰할 수 있으며 SHOW GLOBAL STATUS값은 각 그룹 구성원마다 다릅니다.

자세한 내용은 그룹 복제 흐름 제어 통계 구성 요소를 참조하세요 . (WL #16239)

이 알고리즘은 암호화 방법으로 지정되었을 SHA3-224때 사용되었습니다 . (버그 #36980306)SHA3-256

헤더 파일은 mysql/plugin.h일부 로깅 구성 요소에 포함되었지만 실제로는 어떤 구성 요소에도 필요하지 않습니다. (버그 #34772742)

이번 릴리스에 추가된 옵션 추적 구성 요소( component_option_tracker)는 MySQL 서버에 있는 옵션(즉, 명명된 기능)에 대한 정보와 구성 요소 및 플러그인에 있는 정보에 대한 정보를 제공하는 두 개의 테이블을 구현합니다.

읽기 전용 테이블에는 이름, 구성 요소 이름(또는 ) 및 옵션이 현재 활성화되어 있는지 여부를 performance_schema.mysql_option 포함하여 서버에 설치된 모든 옵션에 대한 정보가 포함되어 있습니다 .MySQL Server

읽기/쓰기 mysql_option.option_usage 표는 시스템의 각 옵션에 대한 사용 정보를 JSON형식으로 표시합니다. 서버가 그룹 복제 클러스터의 일부인 경우 서버 ID와 클러스터 ID도 이 표에 표시됩니다.

OPTION_NAME주어진 옵션에 대해 테이블의 열의 값 mysql_option과 테이블에서 같은 이름을 가진 열의 값은 option_usage 동일합니다. 다음과 같이 두 테이블에 대한 쿼리에서 이를 조인 열로 사용할 수 있습니다.

mysql> SELECT * FROM performance_schema.mysql_option o 
    -> JOIN mysql_option.option_usage u 
    -> ON o.OPTION_NAME=u.OPTION_NAME\G
*************************** 1. row ***************************
     OPTION_NAME: Enterprise AUDIT
  OPTION_ENABLED: TRUE
OPTION_CONTAINER: audit_log plugin
      CLUSTER_ID: 
       SERVER_ID: 
     OPTION_NAME: Enterprise AUDIT
      USAGE_DATA: {"used": true, "usedDate": "2024-10-16T09:14:41Z"}
*************************** 2. row ***************************
     OPTION_NAME: JavaScript Stored Program
  OPTION_ENABLED: TRUE
OPTION_CONTAINER: component:mle
      CLUSTER_ID: 
       SERVER_ID: 
     OPTION_NAME: JavaScript Stored Program
      USAGE_DATA: {"used": false, "usedDate": "2024-10-15T13:40:03Z"}
여러 상태 변수는 Option Tracker 구성 요소에 의해 추가됩니다. Option Tracker 상태 변수를 참조하세요 . 이 구성 요소는 Option Tracker 사용 데이터로 작업하기 위한 함수도 제공합니다. 이는 Option Tracker 함수 에서 설명합니다 . 이러한 함수를 사용하려면 권한이 필요하며 OPTION_TRACKER_UPDATER, 이 권한도 구성 요소에서 구현됩니다.

Option Tracker 구성 요소는 상업용 제품인 MySQL Enterprise Edition의 일부로 제공됩니다.

Option Tracker와 이전에 설명한 테이블에 대한 추가 일반 정보는 Option Tracker Component를 참조하세요 . Option Tracker를 지원하는 구성 요소와 플러그인 목록은 Option Tracker Supported Components를 참조하세요 . 또한 The mysql_option Table 도 참조하세요 . (WL #16217, WL #16403, WL #16503)

이 릴리스에서는 Amazon Web Services 키링 구성 요소( )를 도입합니다 . 이 구성 요소는 현재 더 이상 사용되지 않으며 향후 MySQL 버전에서 제거될 예정인 component_keyring_awsAWS 키링 플러그인( )을 대체합니다 .keyring_aws

AWS 키링 구성 요소에 대한 자세한 내용은 AWS 키링 구성 요소 component_keyring_aws 사용 을 참조하세요 . 마이그레이션에 대한 도움말은 AWS 키링 플러그인에서 마이그레이션 을 참조하세요. MySQL 키링 구성 요소와 키링 플러그인을 비교하는 개요는 키링 구성 요소 대 키링 플러그인 을 참조하세요 . (WL #16348)

구성 참고 사항
Microsoft Windows: Windows에서 MySQL Configurator 되돌리기 버튼 기능이 항상 원래 값으로 돌아가지 않았습니다. (버그 #36702176)

Microsoft Windows: Windows에서 MySQL Configurator 데이터 디렉토리 파일 탐색 메커니즘은 ProgramData폴더가 필요했지만 이제 해당 폴더 외부에서도 작동할 수 있습니다. (버그 #36702072)

Microsoft Windows: Windows에서 MySQL Configurator는 선택한 옵션이 변경되지 않은 경우 Next를 클릭한 후 더 이상 불필요한 백그라운드 작업을 수행하지 않습니다

Microsoft Windows: Windows에서 MySQL Configurator는 빈 암호를 약함보다는 강력함으로 설명했습니다. (버그 #35533726)

사용 중단 및 제거 참고 사항
NDB 클러스터 API: NDB 클러스터 9.0에서 더 이상 지원되지 않는 에 대한 지원이Node.js이번 릴리스에서 제거되었습니다. (WL #16246)

이 keyring_aws플러그인은 이제 더 이상 사용되지 않으며 향후 MySQL 버전에서 제거될 예정입니다. 사용자는 이 릴리스에서 도입된 AWS 키링 구성 요소로 마이그레이션해야 합니다.

AWS 키링 구성 요소에 대한 자세한 내용은 component_keyring_aws AWS 키링 구성 요소 사용을 참조하세요 . 마이그레이션에 대한 도움말은 AWS 키링 플러그인에서 마이그레이션을 참조하세요 . (WL #16348)

SQL 함수 및 연산자 참고 사항
DATABASE()이 함수가 쿼리의 일부로 사용되었을 때 출력이 잘렸습니다 UNION. (버그 #36871927)

SUM()동일한 값에 대해 다른 결과를 낸 경우 DISTINCT도 있습니다. 예를 들어:

mysql> SELECT SUM(b'1100'), SUM(DISTINCT b'1100');
+--------------+-----------------------+
| sum(b'1100') | sum(DISTINCT b'1100') |
+--------------+-----------------------+
|           12 |                     9 |
+--------------+-----------------------+
이는 를 사용할 때 DISTINCT값을 보관하기 위해 임시 테이블을 사용하여 결국 고유한 값만 사용자에게 반환되기 때문에 발생했습니다. 를 설정하는 동안 이러한 테이블을 생성할 때 DISTINCT데이터 유형과 길이가 결정되었다는 사실을 고려하지 않고 이를 사용하여 대신 다시 계산했습니다. 이제 이미 결정된 데이터 유형과 길이를 사용합니다. (버그 #115476, 버그 #36796197)

자바스크립트 프로그램
JavaScript 저장 프로그램은 항상 문자 집합을 사용 하지만, 이러한 저장 프로그램의 열에 utf8mb4표시된 값은 ;로 표시되었습니다. 이제 항상 ( 에 대한 기본 정렬 ) 로 설정됩니다 . 이는 사용자가 설정한 모든 정렬을 재정의합니다. COLLATION_CONNECTIONINFORMATION_SCHEMA.ROUTINESlatin1utf8mb4_0900_ai_ciutfmb4

대부분의 경우, 비교에 사용된 정렬은 관련 열에 따라 결정되므로 이 변경은 결과에 눈에 띄는 영향을 미치지 않습니다. 이에 대한 예외는 리터럴 값을 비교할 때 발생합니다. COLLATION_CONNECTION이러한 경우 가 사용됩니다. 예를 들어, 사용자가 이전 collation_connection에 를 설정한 경우 JavaScript 프로시저 내에서 실행될 때 latin1_danish_ci의 결과가 SELECT 'å' < 'ø'사용자의 기대와 일치하지 않을 수 있습니다. 해결 방법은 다음과 같이 정렬을 명시적으로 제공하는 것입니다. SELECT 'å' < 'ø' COLLATE utf8mb4_da_0900_ai_ci(버그 #36925906)

준비된 명령문이 저장된 루틴 내부에서 blob 값을 반환했을 때, 준비된 명령문이 할당 해제된 후 blob 값이 무효화되었습니다. (버그 #36902680)

저장 프로시저 내에서 DML 문에 사용자 변수를 적용하는 경우, Statement handle 인터페이스를 사용하면 저장 프로시저를 실행한 후 명령문을 실행하면 계획되지 않은 서버 종료가 발생하는 경우가 있습니다. 이 문제를 해결하기 위해 이제 Statement handle 인터페이스에서 하위 명령문을 실행한 후 사용자 변수와 해당 값을 명령문 실행 메모리 루트에 저장하는 데 사용된 메모리를 재설정합니다. (버그 #36892945)

SqlResult반복자를 지원하지 않았습니다.

이제 여기에 표시된 방식으로 결과 집합을 반복할 수 있습니다.

let result = session.runSql("SELECT * FROM t")

for (let row of result) {
console.log(row.c1+row.c3);
}
(버그 #36835486)

다국어 엔진 구성 요소(MLE)가 이제 원격 측정 지표를 내보냅니다.

mysql.mle 메트릭을 참조하세요 .

또한 저장된 JavaScript 프로시저에서 실행되는 SQL 쿼리는 이제 Performance Schema 쿼리 다이제스트에서 관찰 가능하고 저장된 JavaScript 프로시저에서 실행되는 SQL 문은 이제 .에서 관찰 가능합니다 events_statements_history_long. (버그 #36216014, WL #16354)

이 유형은 이제 JavaScript 저장 프로그램에서 완벽하게 지원됩니다. 벡터는 이제 입력 인수, 출력 인수, 준비된 명령문 매개변수 및 반환 값 VECTOR으로 사용할 수 있습니다 .bind()

자세한 내용은 JavaScript 저장 프로그램 데이터 유형 및 인수 처리를 참조하세요 . (WL #16405)

키링 노트
안전하지 않은 AES ECB에 대한 지원이 모든 MySQL 키링 관련 구성 요소에서 제거되었습니다. (버그 #36749277)

MySQL 엔터프라이즈 노트
복제: 이 릴리스에서는 이전에 오류 로그에 기록된 복제에 대한 통계 정보를 사용자에게 제공하는 MySQL 복제 적용자 메트릭 구성 요소를 추가합니다. 이 구성 요소는 이 정보를 포함하는 두 개의 테이블을 MySQL 성능 스키마에 추가합니다. replication_applier_metrics 주어진 복제 채널에 대한 복제 적용자 메트릭을 제공하고, replication_applier_progress_by_worker이 테이블은 특정 작업자에 대한 유사한 메트릭을 제공합니다.

이는 전체 복제 파이프라인에서 통계를 수집하고, 그 표현을 통합함으로써 복제의 관찰성을 향상시킵니다. 이 작업의 일환으로, 특별히 도움이 되지 않았던 일부 메트릭은 더 유용한 메트릭으로 대체되었습니다.

이 구성 요소에 대한 자세한 내용은 복제 적용자 메트릭 구성 요소를 참조하세요 . (WL #15620)

참조: 또한 참조하세요: 버그 #32587480.

플러그형 인증
SET PERSIST authentication_ldap_simple_bind_root_pwd=password 실제로 비밀번호를 저장하지 않았습니다. (버그 #35478833)

SQL 구문 참고 사항
이러한 쿼리는 파생 테이블의 열을 참조하기 위해 SELECT test.dt.a FROM (SELECT 1 AS a) AS dt형식의 식별자 체인을 사용 하지만, 이 동작은 SQL 표준과 모순됩니다. 이러한 참조는 테이블 표현식에서도 (잘못된 방식으로) 허용되었습니다. 이제 이러한 경우 이러한 열 참조를 허용하지 않습니다. (버그 #36704815)db_name.tbl_name.col_name

참조: 또한 참조하세요: 버그 #36542023.

IF NOT EXISTS이 릴리스에서는 해당 명령문과 함께 사용할 수 있는 절 에 대한 지원이 추가되었습니다 CREATE VIEW. IF NOT EXISTS다음과 같은 효과가 있습니다.

명령문에 명명된 뷰가 존재하지 않으면 해당 IF NOT EXISTS절이 사용되지 않은 것처럼 평소와 같이 뷰가 생성됩니다.

뷰가 이미 존재하는 경우 명령문은 성공한 것처럼 보이지만 뷰 정의는 변경되지 않고 다음과 같이 경고가 표시됩니다.

mysql> CREATE VIEW v1 AS SELECT c1, c3 FROM t1;
Query OK, 0 rows affected (0.01 sec)

mysql> CREATE VIEW v1 AS SELECT c2 FROM t1;
ERROR 1050 (42S01): Table 'v1' already exists
mysql> CREATE VIEW IF NOT EXISTS v1 AS SELECT c2 FROM t1;
Query OK, 0 rows affected, 1 warning (0.01 sec)

mysql> SHOW WARNINGS;
+-------+------+---------------------------+
| Level | Code | Message                   |
+-------+------+---------------------------+
| Note  | 1050 | Table 'v1' already exists |
+-------+------+---------------------------+
1 row in set (0.00 sec)

mysql> SHOW CREATE VIEW v1\G
*************************** 1. row ***************************
                View: v1
         Create View: CREATE ALGORITHM=UNDEFINED DEFINER=`vuser`@`localhost` SQL 
SECURITY DEFINER VIEW `v1` AS select `t1`.`c1` AS `c1`,`t1`.`c3` AS `c3` from `t1`
character_set_client: utf8mb4
collation_connection: utf8mb4_0900_ai_ci
1 row in set (0.00 sec)
IF NOT EXISTS와 호환되지 않으며 OR REPLACE, 이 두 절은 같은 문장에서 함께 사용할 수 없습니다 CREATE VIEW . 그렇게 하려고 하면 문장이 구문 오류로 거부됩니다.

자세한 내용은 CREATE VIEW 문을 참조하세요 . (WL #14774)

스레드 풀 노트
일부 동시 연결 시도가 올바르게 처리되지 않았습니다. (버그 #36625082)

트리거 노트
성능: 이전에는 트리거가 하나 이상 있는 테이블의 경우 트리거가 테이블에 액세스할 때마다 완전히 구문 분석되어 메모리에 로드되었습니다. 이로 인해 많은 테이블, 복잡한 트리거 또는 둘 다 포함된 시나리오에서 데이터가 변경되지 않은 경우 예상치 못하게 리소스 사용량이 높아지고 실행 시간이 비합리적으로 길어지는 경우가 많았습니다. 또한 읽기 전용 복제본에서 불필요한 리소스 사용이 발생했습니다.

우리는 트리거의 구문 분석 및 로드를 두 개의 별도 단계로 나누어 이 문제를 해결합니다. 첫 번째 단계에서는 트리거 메타데이터만 읽습니다. 이는 한 번 저장하여 동일한 트리거의 다른 인스턴스 간에 공유할 수 있기 때문입니다. 트리거의 실제 구문 분석 및 실행은 두 번째 단계에서 수행되며, 이는 테이블 데이터를 수정하는 작업에 대해서만 수행됩니다. 이렇게 하면 명령문을 실행할 때 사용되지 않는 트리거를 더 이상 구문 분석하고 캐시하지 않으므로 리소스가 절약됩니다 SELECT.

트리거가 없는 테이블과 별도로 테이블 캐시에 트리거가 있는 테이블을 추적하여 이러한 향상 기능을 구현합니다. 완전히 로드된 트리거가 있고 주어진 시간에 테이블 캐시에 보관되는 열린 테이블의 최대 수는 이 table_open_cache_triggers릴리스에서 추가된 서버 시스템 변수의 값에 따라 결정됩니다. 이 변수는 기존 table_open_cache 시스템 변수와 유사하지만 완전히 로드된 트리거가 있는 테이블에만 적용되는 이 릴리스에서 도입된 추가 제거 메커니즘을 제어합니다. 의 기본값은 table_open_cache_triggers최대값(524288)과 동일합니다. table_open_cache_triggers더 낮은 값으로 설정하면 완전히 로드된 트리거가 있는 테이블에만 적용되는 제거 논리가 활성화됩니다. table_open_cache_triggers기본값을 그대로 두면 완전히 로드된 트리거가 있는지 여부에 따라 테이블이 캐시에서 제거되지 않습니다. 이는 이전 버전의 MySQL과 동일한 동작입니다.

이번 릴리스에 추가된 여러 서버 상태 변수는 트리거가 있는 테이블의 캐시 사용을 추적합니다. Table_open_cache_triggers_hits 트리거가 있는 열린 테이블에 대한 캐시 적중 횟수를 제공합니다. Table_open_cache_triggers_misses 트리거가 있는 열린 테이블에 대한 캐시 미스 횟수를 보여줍니다. Table_open_cache_triggers_overflows 트리거가 있는 열린 테이블에 대한 캐시 오버플로 횟수를 제공합니다.

또한, 트리거 오류에 대한 정적 버퍼를 요구에 따라 할당되는 가변 크기의 버퍼로 대체함으로써 메모리 사용량도 개선되었습니다.

또한 이 작업의 일부로 SHOW CREATE TRIGGER(데이터를 읽지만 수정하지 않음) 이제 서버에서 트리거 본문을 구문 분석할 수 없는 경우에도 모든 트리거의 전체 정의를 표시합니다.

자세한 내용은 이전에 언급한 서버 변수에 대한 설명을 참조하세요. 테이블 캐시에 대한 일반 정보는 MySQL이 테이블을 열고 닫는 방법을 참조하세요 .

기여에 대한 Dmitry Lenev에게 감사드립니다. (버그 #44625, 버그 #86821, 버그 #11753220, 버그 #26366333, WL #16455)

벡터 데이터 유형
이 STRING_TO_VECTOR()함수는 이제 인수의 문자열 표현에서 후행 공백을 허용합니다 VECTOR. 파서는 이제 숫자 뒤, 대괄호 앞, 대괄호 뒤 또는 이들의 조합에서 이러한 값의 공백 문자를 잘라냅니다. 이전에 지원되지 않았지만 이제 허용되는 값의 몇 가지 예는 다음과 같습니다.

"[1 ,2]"

"[1,2 ]"

" [1,2]"

"[1,2] "

(버그 #37009633)

추가되거나 변경된 기능
중요 변경 사항; InnoDB: 기본값은 innodb_log_writer_threads이제OFF32개 미만의 논리 프로세서가 있는 시스템에 있습니다. (WL #16396)

중요 변경 사항: OpenSSL 라이브러리가 번들로 제공되는 플랫폼의 경우 MySQL Server용 링크된 OpenSSL 라이브러리가 버전 3.0.15로 업데이트되었습니다. 자세한 내용은 OpenSSL 3.0 시리즈 릴리스 노트 및 OpenSSL 보안 권고 [2024년 9월 3일]를 참조하세요 . (버그 #37021075)

성능; 복제:Tree 바이너리 로그 트랜잭션 종속성을 추적하는 데 사용되는 데이터 구조가 에서 로 변경되어ankerl::unordered_dense::map약 60% 적은 공간을 사용하므로 종속성 추적 성능이 향상될 것입니다. (버그 #37008442)

그룹 복제:INFO 다음의 경우에 새로운 레벨 로깅 메시지가 추가되었습니다

모든 노드에서 작업이 시작될 때

작업이 완료될 때까지 메시지 전송이 차단되는 경우

메시지가 수신되고 내부 메시지 카운터가 감소하면

(버그 #32929873)

참조: 또한 참조하세요: 버그 #32762677.

출력의 일관성을 위해 when 에 표시된 =조건 과 when using 에 표시된 조건의 기호 앞뒤에 공백이 추가되었습니다 . (버그 #36825515)lookup_conditionEXPLAIN FORMAT=JSONexplain_json_format_version=2operationEXPLAIN FORMAT=TREE

이제 부터 출력에는 EXPLAIN FORMAT=TREE사용된 semijoin 전략에 대한 정보가 포함됩니다(있는 경우). (버그 #36773414)

이제 서버 시작 시 매개변수를 사용하여 명령줄이나 구성 파일에서 원격 측정기를 활성화하거나 비활성화할 수 있습니다 performance-schema-meter.

서버 미터를 참조하세요 . (버그 #36698082)

MRR 및 인덱스 범위 스캔 액세스 경로에 MRR이 사용될 때마다 출력 "multi_range_read": true에 추가됨 . 또한 이제 MRR을 사용하는 인덱스 범위 스캔의 출력 필드 에 나타납니다. (버그 #36614948)EXPLAIN FORMAT=JSONexplain_json_format_version2(Multi-Range Read)operationEXPLAIN FORMAT=TREE

클라이언트 명령을 활성화하거나 비활성화하는 MySQL--system-command 클라이언트 에 대한 옵션을 추가했습니다 . system

이 옵션은 기본적으로 비활성화되어 있으며, 이는 명령 system이 오류와 함께 거부됨을 의미합니다. 이를 활성화하려면 .을 사용합니다 --system-command=ON. (버그 #36377685, WL #16482)

참조: 또한 참조하세요: 버그 #36248967.

이 릴리스에서는 메모리 내부에서 디스크로의 내부 임시 테이블 변환을 추적하기 위해 다음 두 가지 상태 변수를 구현합니다.

TempTable_count_hit_max_ramtemptable_max_ram스토리지 엔진 의 한계 에 도달하여 메모리 내 테이블에서 디스크 테이블로 변환되는 횟수를 계산합니다 TempTable. 이는 글로벌 상태 변수일 뿐입니다.

Count_hit_tmp_table_sizetmp_table_size 스토리지 엔진 으로 한계 에 도달하거나 스토리지 엔진 으로 TempTable더 작은 값인 tmp_table_size및 에 도달하여 메모리 내 디스크 변환 횟수를 계산합니다 . 이는 글로벌 및 세션 상태 변수입니다. max_heap_table_sizeMEMORY

(WL #16377)

최대 값이 64에서 255로 변경되었습니다. 이 값은 ALGORITHM을 사용하여 실행 및 연산을 TOTAL_ROW_VERSIONS통해 증가합니다 . (WL #16369)ADD COLUMNDROP COLUMNINSTANT

MySQL의 OpenTelemetry Logging을 사용하면 MySQL 서버에서 OpenTelemetry 백엔드로 원격 측정 로그를 내보내 분석할 수 있습니다. 이 기능은 다음과 같은 방식으로 구현됩니다.

원격 측정 로깅 구성 요소: (MySQL Enterprise Edition 및 MySQL HeatWave만 해당) 서버에서 계측된 로그 이벤트를 수집하고 OpenTelemetry의 OTLP 형식으로 포맷하고 OpenTelemetry OTLP 네트워크 프로토콜을 사용하여 정의된 엔드포인트로 로그를 내보냅니다. 엔드포인트에서 수신 대기하는 프로세스는 OpenTelemetry 수집기 또는 기타 OpenTelemetry 호환 백엔드가 될 수 있습니다. 여러 백엔드로 내보내려면 OpenTelemetry 수집기를 사용해야 합니다.

OpenTelemetry 지원 설치를 참조하세요 .

원격 측정 로깅 인터페이스: (MySQL Community Server, Enterprise Edition 및 MySQL HeatWave) 자체 OpenTelemetry 로깅 구성 요소를 정의하고 통합할 수 있는 API입니다. 이 인터페이스를 사용하면 사용 가능한 로깅 계측기를 검색하고, 로거를 활성화하고, 레코드를 생성하고, 연관된 추적 컨텍스트를 추출할 수 있습니다.

인터페이스는 로깅을 제공하지 않습니다. MySQL Enterprise Edition, MySQL HeatWave를 사용하거나 로깅을 제공하기 위해 자체 구성 요소를 개발해야 합니다.

인터페이스와 샘플 구성 요소 코드에 대한 자세한 내용은 MySQL Server Doxygen 설명서 의 서버 원격 측정 로그 서비스 섹션을 참조하세요 .

(WL #15201, WL #15202)

메모리 사용량을 추적하는 데 사용할 수 있는 다음 서버 시스템 및 상태 변수가 추가되었습니다 global_connection_memory_tracking . 여기에 표시된 목록의 처음 두 변수는 전역적으로 적용되고 두 번째 두 변수는 개별 사용자 연결에 적용됩니다.

global_connection_memory_status_limit: 이 시스템 변수는 서버에 대한 모든 사용자 연결에서 소비할 수 있는 최대 총 메모리 양을 결정합니다. 모든 쿼리에서 사용하는 총 메모리 양이 이 양을 초과하면 Count_hit_query_past_global_connection_memory_status_limit 증가합니다.

Count_hit_query_past_global_connection_memory_status_limit: 이 상태 변수는 연결을 사용하는 쿼리로 인해 총 메모리 소비가 초과된 횟수를 추적합니다 global_connection_memory_limit. 이는 쿼리가 총 메모리 소비를 global_connection_memory_limit이 양보다 적게에서 더 크게 할 때만 증가합니다.

connection_memory_status_limit: 이 시스템 변수는 지정된 사용자 연결에서 사용할 수 있는 최대 메모리 양을 결정합니다 Count_hit_query_past_connection_memory_status_limit.

Count_hit_query_past_connection_memory_status_limit: 이 상태 변수는 현재 연결을 사용하는 쿼리로 인해 총 메모리 소비가 초과된 횟수를 추적합니다 connection_memory_limit. 연결 내에서 실행된 쿼리의 경우, 이러한 쿼리가 총 메모리 소비를 connection_memory_limit이 양보다 적게에서 더 크게 할 때만 증가합니다.

이러한 변수는 프로덕션에 넣기 전에 구성을 테스트하기 위한 것이며, 초과할 때 쿼리가 거부되는 원인이 되지 않습니다 connection_memory_limit. (WL #16097)

버그 수정됨
성능; InnoDB:InnoDB MySQL 8.0.28에서 인라인으로 정의되었던 여러 내부 함수가InnoDB어댑티브 해시 인덱스를 개선하기 위해 이루어진 개선 사항과 함께 이루어진 리팩토링 때문입니다. 이는 테이블에서 조인을 사용하는 쿼리에 부정적인 영향을 미쳤습니다 InnoDB. (버그 #111538, 버그 #35531293)

참조: 이 문제는 다음 문제의 회귀입니다: 버그 #81814, 버그 #16739204, 버그 #23584861.

InnoDB:DEBUG_SYNC_C_IF_THD .을 선호하여 매크로를 제거했습니다DEBUG_SYNC. (버그 #36870544)

InnoDB: InnoDB는 알고리즘을 사용하여 기본값으로REDUNDANT 변경된 테이블 열을 업데이트하는 것을 허용하지 않았습니다 . 대신 MySQL이 예기치 않게 중단되었습니다. (버그 #36840107)NULLINSTANT

InnoDB: 혼합된BLOB및 기타 데이터 유형을 포함하는 테이블에서 대량 로드 작업에 대한 오류 처리가 개선되었습니다. 이전에는 오류 유형이 빈 문자열로 보고되었습니다. (버그 #36764710)

InnoDB: redo 로그 용량이 로 줄어들었을 때 log_files_truncate, 드문 상황에서file.end_lsnequaled가 log_sys->write_lsn발생하여 향후 redo 로그 쓰기가 허용되지 않음(버그 #36730830)

InnoDB: 알고리즘을 사용하여 열이 삭제된 후DELETEor 실행할 때 MySQL 서버가 예기치 않게 중단될 수 있었습니다. (버그 #36723117)UPDATEINSTANT

InnoDB: FTS 인덱스 최적화는 때때로 토큰의 정렬 순서는 같지만 바이트 측면에서는 다른 경우 제대로 작동하지 않습니다. (버그 #36652127)

InnoDB: 로그 인덱스 크기 계산은 이제 열 순서 변경을 고려합니다. (버그 #36526369)

참조: 이 문제는 다음 버그의 회귀입니다: 버그 #35183686.

InnoDB: 컴파일하는 동안 최적화되는 것을 방지하기 위해std::this_thread::sleep_for(std::chrono::seconds(0)) 사용을 대체했습니다 std::this_thread::yield()

InnoDB:FTS_DOC_ID 데이터베이스에 사용자가 생성한 열을 기본 키로 사용하여 MySQL 5.7에서 만든 전체 텍스트 인덱스가 포함되어 있을 때 업그레이드 프로세스가 예기치 않게 중단되었습니다

이 수정에 기여한 Huaxiong Song과 Alibaba 팀에 감사드립니다. (버그 #36496164)

InnoDB: 다중 값 가상 열에 범위 조건이 있는 인덱스에 대한 최적화 프로그램을 비활성화했습니다. (버그 #36341532)

InnoDB: 트랜잭션 또는 잠금 시스템에서 배타적 글로벌 뮤텍스가 필요하지 않도록 성능 스키마 data_locks와 data_lock_waits테이블을 재설계했습니다. 이전에는 트랜잭션을 반복했지만, 이제는 잠금을 보관하는 해시 테이블 버킷을 반복하여 활발하게 처리된 샤드만 래치합니다. 또한 속도와 메모리 측면에서 반복 논리 복잡성을 개선하여 이러한 쿼리가 시스템의 나머지 부분에 미치는 영향을 줄입니다.

쿼리 결과가 두 버킷을 방문하는 사이에 소유한 잠금 세트를 커밋, 시작 또는 변경한 경우 트랜잭션 잠금의 불완전한 목록을 표시할 수 있습니다. 이는 두 개의 다른 트랜잭션이 다른 순간에 표시될 수 있지만 개별 트랜잭션이 보유한 잠금의 일관된 스냅샷을 항상 표시했던 이전 동작과 다릅니다. 다시 말해, 새 접근 방식은 대기 잠금과 충돌하는 잠금을 표시하기 위해 단일 대기 큐에 대한 일관된 보기를 제공하는데, 이는 항상 동일한 버킷에 있기 때문이고, 이전 접근 방식은 다른 트랜잭션에 속하기 때문에 일부를 놓칠 수 있습니다. 이전 접근 방식은 보고된 트랜잭션이 보유한 다른 모든 잠금을 항상 표시했지만 충돌하는 경우에도 다른 트랜잭션의 잠금을 놓칠 수 있습니다. (버그 #36302624)

InnoDB: 벌크 로더에서 메모리 누수를 수정했습니다. (버그 #35988311)

InnoDB: 중복 행 형식(MySQL 5.7.35 이전에 허용)에 너무 넓은 열에 인덱스를 사용하여 만든 테이블의 경우, 인플레이스 업그레이드가 테이블을 자동으로 가져왔지만 액세스할 수 없어 백업을 방해했습니다. 이제 잘못된 인덱스를 사용하는 모든 작업은ER_INDEX_CORRUPT인덱스가 삭제될 때까지 거부됩니다. ER_IB_INDEX_PART_TOO_LONG오류 로그에도 오류가 보고됩니다. (버그 #35869747)

참조: 또한 참조하세요: 버그 #34826861.

InnoDB: 테이블이 생성될 때와 다른 스키마로 임포트될 때 스키마 불일치가 발생할 수 있었습니다sql_mode. 엄격 모드가 테이블의 보조 인덱스에서 널 허용 열의 수에 영향을 미치기 때문입니다. 이제 보조 인덱스 트리도 테이블스페이스를 임포트한 후 손상 여부를 확인합니다. (버그 #35799038)

InnoDB: FTS 인덱스가 있는 테이블이 주어졌을 때, 테이블스페이스가 삭제되면 해당 FTS 테이블도 삭제됩니다. 이러한 테이블을 지우는 작업을 수행할 때, 코드는 FTS 인덱스가 테이블 메타데이터에 있는 경우 FTS 테이블도 존재해야 한다고 잘못 가정했습니다. (버그 #35343458)

InnoDB: 시스템이 FusionIO에 대해 다른 섹터 크기를 지원하는지 확인하는 동안 초기화되지 않은 버퍼가 임시 파일에 쓰여지고 있었습니다. 이 확인은 가 또는 innodb_flush_method로 설정될 . (버그 #115229, 버그 #36705034)O_DIRECTO_DIRECT_NO_FSYNC

InnoDB: 보조 인덱스를 포함하는 테이블 재구축 작업에는InnoDBMySQL 8.0.26과 비교했을 때 임시 파일에 대한 파일 I/O가 더 많이 필요했고, 이로 인해 쿼리 성능이 저하되었습니다. (버그 #114465, 버그 #36444172)

InnoDB: 클래스의 문제로 인해 Performance Schema가 활성화된 상태에서 병렬 인덱스 빌더로 인덱스를 추가하는 것이 훨씬 느렸습니다 Alter_stage. (버그 #113505, 버그 #36163502)

InnoDB: 최근의 최적화 변경 사항을 더 잘 반영하기 위해 관련 단위 테스트를 수정하고innodb.parallel_read_kill,innodb.ddl_kill단위 테스트 및 관련 매크로 사용을 수정했습니다.

이러한 수정에 기여한 Dmitry Lenev와 Percona 팀에 감사드립니다. (버그 #113002, 버그 #115416, 버그 #35992036, 버그 #36764973)

참조: 또한 참조하세요: 버그 #112767.

분할: ALTER TABLE 분할된 테이블에서 항상 올바르게 작동하지 않았습니다. (버그 #36677952)

그룹 복제: 특정 조건에서 모든 보조 호스트가 기본 호스트에서 네트워크가 잠시 비활성화된 후 예기치 않게 종료됩니다. (버그 #35642087)

참조: 또한 참조하세요: 버그 #32673639, 버그 #34565855.

그룹 복제:memory/sql/Gtid_set::Interval_chunk 보고된 대로 스레드별로 집계된 메모리는 다른 스레드가 할당하여 해제한 모든 메모리를 고려하지 않았으며 thread/group_rpl/THD_applier_module_receiver.

보고된 글로벌 메모리는 performance_schema.memory_summary_global_by_event_name 이 문제의 영향을 받지 않았습니다. (버그 #34819861)

그룹 복제: . 에서 잠재적인 메모리 누수를 제거했습니다 xcom\network\xcom_network_provider_native_lib.cc. (버그 #115162, 버그 #36673883)

스레드 풀과 감사 로그 플러그인을 모두 실행할 때 서버가 항상 연결을 올바르게 처리하지 못했습니다. (버그 #37039422)

Debian 기반 시스템용 패키지는 이제 WITH_ZLIB=system, 로 빌드되고 MYSQL_MAINTAINER_MODE디버그 빌드에서는 비활성화됩니다. (버그 #37038213)

상용 빌드와 함께 번들로 제공되는 Kerberos 라이브러리를 버전 1.21.3으로 업데이트했습니다. 자세한 내용은 Kerberos 5 1.21.x 릴리스 노트를 참조하세요 . (버그 #37034600)

SELECT목록 에서 윈도우 함수를 사용하는 하위 쿼리의 경우 EXISTS()변환을 사용할 수 없습니다.즉, 이러한 하위 쿼리의 경우 사용되는 변환은 항상 구체화이지만 이는 하위 쿼리가 IN, ALL, ANY, 또는 중 하나를 사용하는 경우에만 해당합니다.구문에 윈도우 함수를 포함하는 하위 쿼리를 사용하는 절이 있는 하위 쿼리가 있는 경우 하위 쿼리에 대해 SOME구체화가 강제되는지 여부에 대한 검사( )가 true를 반환했습니다.이는 전략이 하위 쿼리에 대해 이미 선택되었음에도 불구하고 윈도우 함수가 있는 가장 안쪽 하위 쿼리가 항상 구체화로 전략을 반환했기 때문입니다 .결과적으로 이 하위 쿼리가 구체화를 위해 고려되었을 때 일부 검사가 실패했습니다 .IsForcedMaterialization()INWHEREEXISTSEXISTSIN

IsForcedMaterialization()우리는 창 함수가 있는 하위 쿼리가 조사되지 않도록 양화된 비교 술어에 대한 검사를 추가하여 이를 수정합니다 . (버그 #37008930)

.에서 heap-use-after-free 경고를 제거했습니다 regexp::Regexp_facade::~Regexp_facade(). (버그 #36867806)

EXCEPT및 의 일부 조합으로 INTERSECT인해 오류가 발생했습니다 Item::convert_charset(). (버그 #36838373)

테이블스페이스를 덤프하는 동안 mysqldump는 출력에서 ​​특정 SQL 문을 제대로 이스케이프하지 못했습니다. 또한 덤프는 이제 다음 식별자를 백틱으로 묶습니다: LOGFILE GROUP, TABLESPACE, 및 ENGINE. (버그 #36816986)

불필요한 복사를 제거하여 StoreLinkedImmutableStringFromTableBuffers()일부 해시 조인의 성능을 5~10% 향상시켰습니다. (버그 #36805260)

이전에 수정된 문제는 . 대신 sql/sql_executor.ccchecked for 였습니다 . (버그 #36804785)const_item()const_for_execution()

참조: 이 문제는 다음 버그의 회귀입니다: 버그 #34951115.

OTLP 내보내기와 관련된 문제가 해결되었습니다. (버그 #36792180, 버그 #36783070)

계산 시 Last_query_cost최적화 프로그램은 항상 모든 하위 쿼리의 비용을 고려하지 않았습니다. (버그 #36790906)

레코드 버퍼를 사용하여 인덱스 범위 스캔을 실행할 때 리팩토링 중에 IndexRangeScanIterator사용된 데이터 유형이 double에서 boolean으로 변경되었기 때문에 결코 설정되지 않았습니다 IndexRangeScanIterator::m_expected_rows. 이 의도치 않은 변경은 되돌려졌습니다.

또한 인덱스 범위 스캔에 레코드 버퍼를 활성화했을 때 이러한 스캔을 커버하는 데 사용되는 다중 값 인덱스에 문제가 발생했습니다. (이는 인덱스 병합 스캔의 일부로 사용될 때만 가능한데, 인덱스 병합 스캔은 커버링 인덱스 스캔을 강제하기 때문입니다.) 문제의 근원은 구현에 Field_typed_array::key_cmp()인덱싱된 표현식에 생성된 열의 값이 필요하고, 이 열은 다중 값 인덱스에서 사용할 수 없기 때문에 스토리지 엔진이 커버링 스캔을 위해 레코드 버퍼를 채울 때 종료 범위 조건을 안전하게 평가할 수 없다는 것입니다. 이를 해결하기 위해 이제 다중 값 인덱스가 커버링 인덱스 범위 스캔에 사용될 때 레코드 버퍼를 비활성화합니다. (버그 #36775910)

참조: 또한 참조하세요: 버그 #36341532.

특정 트리거 및 저장 프로시저가 올바르게 처리되지 않았습니다. (버그 #36775910)

외부 테이블을 참조할 때 발생한 일부 오류가 올바르게 처리되지 않았습니다. (버그 #36758378)

COUNT()창 함수로 사용되는 인수 가 GROUP BY 표현식이고 WITH ROLLUP사용되면 . 대신 COUNT()반환됩니다 . (버그 #36750571)NULL0

Debian에서 libmysqlclient.aLTO 빌드 호환성을 높이기 위해 스트리핑을 중단했습니다. (버그 #36737581)

내부 함수는 my_convert_internal() 때때로 의도한 값 대신 포인터를 반환했습니다. (버그 #36684463)

참조: 이 문제는 다음 버그의 회귀입니다: 버그 #36479091.

서버 구성 요소에서 메모리 문제를 제거했습니다. (버그 #36600205)

MySQL 클라이언트 에서 메모리 누수를 수정했습니다 . (버그 #36600203)

이 AES_ENCRYPT()함수는 항상 유효한 결과를 반환하지 않았습니다. (버그 #36593265)

일부 경우 매우 많은 행과 많은 테이블을 포함하는 조인이 올바르게 처리되지 않았습니다. (버그 #36562979)

테이블 값 생성자의 준비는 절의 표현식에 추가된 숨겨진 열의 수를 추적하지 않았습니다 ORDER BY. 이는 나중에 해결 프로세스에서 문제를 일으킬 수 있으며, 계획되지 않은 서버 종료로 이어질 수 있습니다.

다른 쿼리 블록에서 수행되는 것과 같은 방식으로 테이블 값 생성자에서 숨겨진 항목의 수를 계산하여 이를 수정합니다. (버그 #36560156)

참조: 이 문제는 다음 버그의 회귀입니다: 버그 #35785452.

DROP INDEXFULLTEXT동일한 트랜잭션에 인덱스 를 추가하면 때때로 계획되지 않은 서버 종료가 발생합니다. (버그 #36559642)

업그레이드 중 FTS 인덱스 처리와 관련된 문제를 수정했습니다. (버그 #36526587)

일부 최적화 힌트 조합이 제대로 작동하지 않았습니다. (버그 #36492114)

이전 문제에 대한 수정에 따라, 선택 목록에서 찾을 수 없는 consta의 일부인 항목 은 필드 목록에 숨겨진 항목으로 추가되지 않지만, 임시 테이블을 만드는 동안 연산을 포함하는 표현식에 대한 대체 항목을 확인하는 동안 이는 고려되지 않았습니다. 필드 목록에서 찾을 수 없는 항목이 항목인지 확인하고 그렇다면 동일한 항목을 대체 항목으로 사용하여 이를 수정합니다 . (버그 #36444257)GROUP BYROLLUPconst

참조: 이 문제는 다음 버그의 회귀입니다: 버그 #34951115.

데이터 마스킹 기능 gen_rnd_pan()및 mask_ssn(). 테스트 중 발견된 어설션을 제거했습니다. (버그 #36397869, 버그 #36398272)

참조: 또한 참조하세요: 버그 #36398221.

조건 푸시다운에 관련된 표현식에 하나의 뷰 참조(외부 참조이기도 함)와 하나의 로컬 참조가 있는 경우, 조건을 복제하는 동안 종속성 일관성 검사가 실패합니다.

우리는 아이템 트리 접두사와 접미사를 순회하여 이를 해결합니다. 접두사를 순회하는 동안 Item_ref참조 객체의 기본 열에 대한 종속성 및 컨텍스트 정보를 설정하는 데 사용할 객체를 설정합니다. 접미사를 순회하는 동안 이 객체를 지웁니다. (버그 #36368181)

일부 준비된 진술이 올바르게 다시 준비되지 않았습니다. (버그 #36267792)

참조: 이 문제는 다음 버그의 회귀입니다: 버그 #34929930.

비교 와 관련된 문제를 해결했습니다 FTS.

알리바바의 Shaohua Wang과 팀에 기여해 주셔서 감사드립니다. (버그 #36210202)

RelWithDebInfo 빌드는 더 이상 "-g1" 플래그로 컴파일되지 않으므로 사용 가능한 디버깅 정보와 생성된 파일 크기가 증가합니다. (버그 #36111629)

참조: 또한 참조하세요: 버그 #33664929.

서버가 .로 실행될 때 발생할 수 있는 잠재적인 오동작을 수정했습니다 --skip-grant-tables. (버그 #36043213)

문자열을 MYSQL_TIME 구조체로 변환할 때 일 숫자가 31보다 작거나 같은지 항상 확인하지 않았습니다. (버그 #35884337, 버그 #36633426)

ON조인 조건 에서 외부 쿼리 블록의 테이블에서 열에 대한 참조 문제에 대한 이전 수정에서 회귀를 수정했습니다 . (버그 #35854686)

참조: 이 문제는 다음 문제의 재발입니다: 버그 #96946, 버그 #30350696.

특정한 드문 경우에 CREATE TABLE외래 키가 있는 테이블 생성과 관련된 명령문이 올바르게 처리되지 않았습니다. (버그 #35553557)

및 생성된 열과 관련된 문제를 수정했습니다 SHOW INDEX. (버그 #35497623)

FEDERATED인덱스 병합 계획을 사용하여 쿼리를 테스트하는 동안 발견된 스토리지 엔진 의 메모리 누수를 제거했습니다 . (버그 #35362984)

일부 경우, 준비된 명령문의 테이블 DDL이 올바르게 처리되지 않았습니다. (버그 #35221658)

결과가 루틴의 로컬 변수에 저장된 집계 함수를 포함하는 저장 루틴을 호출하는 명령문은 .에서 어설션을 발생시켰습니다 sql/sql_lex.h. (버그 #35102083)

에서 , 해당 열이 해당 에서 액세스하는 열 중에 없는 경우, 관련 명령문 중 하나가 절의 열을 참조할 수 있는 UNION경우가 있었습니다 . (버그 #35058815)SELECTORDER BYSELECT

OPTIMIZE TABLE전체 텍스트 인덱스를 사용하고 활성화된 동일한 테이블에서 두 개의 동시 명령문을 실행하면 innodb_optimize_fulltext_only 때때로 서버가 종료되었습니다. (버그 #34929814)

절의 일부로 불가능한 조건을 포함하는 왼쪽 조인은 ONMySQL 5.7에서처럼 최적화되지 않았기 때문에 이후 버전에서는 불가능한 조건이 없는 경우 불가능한 조건이 있는 경우보다 쿼리가 더 빨리 실행되었습니다. 불가능한 조건을 포함한 이러한 쿼리의 예는 다음과 같습니다 SELECT * FROM t1 JOIN t2 ON t1.c1=t2.c1 AND 1=2. (버그 #34668756)

XML 함수는 ExtractValue() 악센트 문자가 포함된 인수를 올바르게 처리하지 못했습니다. (버그 #117778, 버그 #36236440)

NOT< ALL, > ANY, 등과 같은 양적 비교에서는 올바르게 작동했지만 NOT NOT작동하지 않았습니다. (버그 #115962, 버그 #37004689)

. 의 잘못된 주석을 수정했습니다 storage/perfschema/table_host.h.

Sho Nakazono의 기여에 감사드립니다. (버그 #115844, 버그 #36954266)

GROUP BY하위 쿼리를 포함하는 쿼리가 잘못된 LATERALDuplicate column 오류를 발생시켰습니다. (버그 #115696, 버그 #36885503)

SLES 15 대상 플랫폼을 openSUSE 15.5에서 15.6으로 변경했습니다. 즉, GCC 12 대신 GCC 13을 사용하고 OpenSSL 1.1.x 대신 시스템의 OpenSSL 3.x를 기반으로 빌드해야 합니다. (버그 #115535, 버그 #36934913)

gcc-toolset-12MySQL 8.0 RPM을 빌드할 수 있도록 EL8 및 EL9 빌드 사양 파일에 추가되었습니다 mysql-community-libs-compat.

Simon Mudd의 기여에 감사드립니다. (버그 #115484, 버그 #36796229)

데비안 패키지 설명의 오타를 수정했습니다.

기여해 주신 Henning Pöttker에게 감사드립니다. (버그 #115363, 버그 #36749142)

MYSQL_TYPE_JSONMySQL 소스 코드 설명서의 바이너리 결과 집합 설명에서 누락되었습니다.

기여해 주신 Daniël van Eeden에게 감사드립니다. (버그 #115360, 버그 #36740656)

특정 복잡한 UNION쿼리가 디버그 빌드에서 어설션을 트리거하여 릴리스 빌드가 중단되었습니다. (버그 #115346, 버그 #36739383)

led 와 같은 쿼리는 SELECT CASE WHEN 1 THEN NOW() ELSE x.x END FROM (SELECT NULL) x(x)assert를 실행합니다. 이는 생성된 열 설명이 31의 소수 초 정밀도를 가진 시간 유형을 사용했기 때문에 발생했으며, 이는 잘못된 정밀도 값입니다. 잘못된 정밀도는 유형 집계에서 발생했으며, 표현식의 기본 항목 중 하나가 소수 정밀도가 31인 표현식 CASE이었으며 , 이는 정의되지 않은 정밀도를 의미합니다.NULL

이 문제는 표현식에서 유형을 집계하지 않으면 해결됩니다 NULL.

숫자형 및 문자열 인수에서는 이 문제가 발생하지 않았습니다. 이는 시간 유형으로 직접 집계될 수 없기 때문입니다.

이 문제는 MySQL 8.0 또는 MySQL 8.4 릴리스 바이너리에서는 발생하지 않았습니다. (버그 #115233, 버그 #36705061)

일반적으로 인덱스 범위 스캔을 사용하는 쿼리는 준비된 명령문으로 실행될 때 덜 효율적인 인덱스 조회를 사용했습니다. (버그 #115227, 버그 #36705030)

단일 중첩 파생 테이블이 구체화되지 않고 잘못 병합되었습니다. (버그 #115215, 버그 #36695371)

쿼리 ROLLUP는 요약을 고려하지 않았습니다 NULL. 다음 진술을 고려하세요.

CREATE TABLE t(a INT);

SELECT a, COUNT(*) FROM t GROUP BY a WITH ROLLUP;
SQL 표준에 따르면, 이 명령문은 결과를 생성하는 쿼리 SELECT와 동일해야 합니다 . 이는 빈 결과 집합이 있어도 모든 표현식에 대한 항목이 있는 단일 그룹화 행과 모든 집계에 대한 총계(이 경우 for )를 제공해야 하지만 MySQL은 대신 빈 집합을 반환했기 때문입니다. UNION(0, NULL)ROLLUPNULLGROUP BY0COUNT(*)

이제 우리는 이런 경우에 그룹화 행을 반환합니다. (버그 #114638, 버그 #36514339)

파생된 테이블과 함께 DISTINCT및 를 사용할 때 잘못된 결과가 얻어지는 경우가 있습니다 . (버그 #114589, 버그 #36496160)ORDER BY

절이 포함된 제약 조건이 CREATE TABLE있는 문장 이 Missing time zone function이라는 혼란스러운 오류로 실패했습니다 . 이는 CHECK 제약 조건의 텍스트가 내부적으로 재생성되어 나중에 잘못 해석되었기 때문입니다. CHECKCASTAT TIME ZONE

우리는 올바른 CHECK제약 조건 텍스트가 나머지 정의와 함께 데이터 사전에 저장되도록 하여 이를 수정합니다 CREATE TABLE. (버그 #114404, 버그 #36423829)

, 참조 키가 없는 prefer_ordering_index=off쿼리는 정렬을 피할 수 있었음에도 불구하고 전체 테이블을 스캔하고 정렬하는 방식으로 돌아갔습니다.

기여해 주신 Daniel Nichter에게 감사드립니다. (버그 #113699, 버그 #36213938)

하위 쿼리 자체의 HAVINGand FROM절에 하위 쿼리를 사용한 하위 쿼리에 대한 조인이 .에서 assert를 발생시켰습니다 sql/item.h.

문제는 HAVING하위 쿼리가 제거될 수 있는 술어의 일부라고 결정한 후 절이 있는 스칼라 하위 쿼리를 제거할 때 발생했습니다. 절은 간접적으로 를 통해 액세스되는 HAVING집계 객체( Item_sum_min)를 가리켰고, Item_aggregate_ref를 통해 추가되었습니다 Item::split_sum_func2(). 하위 쿼리를 제거할 때 의 참조 횟수가 Item_aggregate_ref증가하지 않고 감소했습니다.

우리는 처음 생성될 때 객체의 참조 카운트를 증가시켜 이를 수정합니다. (버그 #112615, 버그 #35877063)

참조: 또한 참조하세요: 버그 #111492, 버그 #35517962.

를 사용한 쿼리는 항상 with와 동일한 결과를 반환하지 않았습니다 . (버그 #112557, 버그 #35855294)CASE (WHEN TRUE AND EXISTS (subquery))CASE (EXISTS (subquery))

참조: 이 문제는 다음 문제의 회귀입니다: 버그 #32644631, 버그 #32802301.

파생 테이블을 통해 선택된 문자열 리터럴 값이 다른 문자 집합을 UNION가진 열과 일치하고 때때로 발생하는 연산 ER_CANT_AGGREGATE_2COLLATIONS ( 불법적인 정렬 혼합... )을 통해 일치합니다. (버그 #108627, 버그 #34646522)

참조: 또한 참조하세요: 버그 #36812010, 버그 #36844420.

다중 값 인덱스를 사용하여 보다 큼( >) 또는 보다 작음( ) 비교를 사용하는 쿼리는 동일한 인덱스를 사용하여 등식( ) 비교를 사용하는 동일한 쿼리보다 훨씬 느리게 실행되었습니다. (버그 #104897, 버그 #33334911)<=

SELECT * FROM sys.innodb_lock_waits; 과도한 부하가 걸리는 인스턴스에서 실행하면 서버 성능에 영향을 미칩니다.

이 릴리스부터는 SELECT * FROM sys.innodb_lock_waits;대기할 때마다 모든 잠금을 두 번씩 스캔하는 대신, 대기할 때마다 2개의 잠금만 가져옵니다.

이 수정의 일부로 기본 키가 DATA_LOCKS및 DATA_LOCK_WAITS.에 추가되었습니다. (버그 #100537, 버그 #31763497)
